<input type="hidden" id="data" name="data" value="{&quot;script&quot;: &quot;&lt;script&gt;alert(\&quot;XSS\&quot;);&lt;/script&gt;&quot;}" data-json-editor-name="dataJsonEditor_729ee6af"><div id="data-json-editor"></div>