<input type="hidden" id="data" name="data" value="{}" data-json-editor-name="dataJsonEditor_729ee6af"><div id="data-json-editor" class="container"></div>