<form id="data-form" action="test" method="post"><div class="form-group field-modelmock-data">
<label class="control-label" for="modelmock-data">Data</label>
<input type="hidden" id="modelmock-data" name="ModelMock[data]" data-json-editor-name="modelmockDataJsonEditor_cb242086"><div id="modelmock-data-json-editor"></div>

<div class="help-block"></div>
</div></form>