<input type="hidden" id="data" name="data" value="0" data-json-editor-name="dataJsonEditor_729ee6af"><div id="data-json-editor"></div>