<form id="data-form" action="test" method="post"><div class="form-group field-modelmock-1-data-1">
<label class="control-label" for="modelmock-1-data-1">Data</label>
<input type="hidden" id="modelmock-1-data-1" name="ModelMock[1][data][1]" value="{&quot;foo&quot;: &quot;bar&quot;}" data-json-editor-name="modelmock1Data1JsonEditor_46acca2d"><div id="modelmock-1-data-1-json-editor"></div>

<div class="help-block"></div>
</div></form>