<input type="hidden" id="data" name="data" value="{&quot;foo&quot;:&quot;bar&quot;}" data-json-editor-name="dataJsonEditor_729ee6af"><div id="data-json-editor"></div>