<input type="hidden" id="w6" name="data" value="{&quot;script&quot;: &quot;&lt;script type=\&quot;text/javascript\&quot;&gt;alert(\&quot;XSS\&quot;);&lt;/script&gt;&quot;}" data-json-editor-name="w6JsonEditor_a3048777"><div id="w6-json-editor" style="height: 250px;"></div>